// Vitest Snapshot v1, https://vitest.dev/guide/snapshot.html

exports[`renders ProgressIndicatorCard 1`] = `
<div
  class="ds:shadow-border ds:rounded ds:bg-bg-gray-2-25 ds:min-h-[285px] ds:flex ds:items-center ds:justify-center"
  data-testid="pic"
>
  <svg
    aria-busy="true"
    class="ds:animate-spin ds:absolute"
    fill="none"
    height="64"
    role="alert"
    viewBox="0 0 24 24"
    width="64"
    xmlns="http://www.w3.org/2000/svg"
  >
    <path
      class="ds:fill-accent"
      clip-rule="evenodd"
      d="M0 12.0466C0 12.0466 0 12.0466 0 12.0466C0 5.39345 5.37258 0 12 0C18.6274 0 24 5.39345 24 12.0466C24 18.1898 19.4195 23.259 13.5 24V20.9566C17.7566 20.2397 21 16.5234 21 12.0466C21 7.05674 16.9706 3.01165 12 3.01165C7.02944 3.01165 3 7.05674 3 12.0466C3 12.0466 3 12.0466 3 12.0466H0Z"
      fill-rule="evenodd"
    />
  </svg>
</div>
`;
