// Vitest Snapshot v1, https://vitest.dev/guide/snapshot.html

exports[`Snapshot testing > Default 1`] = `
<div
  aria-labelledby="headlessui-label-:r1:"
  class="ds-flex ds-flex-col ds-space-y-2"
  id="headlessui-radiogroup-:r0:"
  role="radiogroup"
>
  <div
    class="ds-mb-5 ds-text-body-xs ds-text-secondary-gray"
    data-headlessui-state=""
    id="headlessui-label-:r1:"
  >
    A
  </div>
  <span
    aria-checked="false"
    class="flex h-7"
    data-headlessui-state=""
    id="headlessui-radio-:r2:"
    role="radio"
    tabindex="0"
  >
    <div
      class="ds-flex-start ds-flex ds-space-x-4"
    >
      <svg
        class="ds-self-center"
        fill="none"
        height="16"
        viewBox="0 0 16 16"
        width="16"
        xmlns="http://www.w3.org/2000/svg"
      >
        <circle
          class="ds-fill-white"
          cx="8"
          cy="8"
          r="8"
        />
      </svg>
      <span
        class="ds-font-poppins ds-flex ds-items-center ds-text-button-md ds-text-black hover:ds-text-accent hover:ds-underline ds-hyphens-auto"
      >
        Option 1
      </span>
    </div>
  </span>
</div>
`;
