// Vitest Snapshot v1, https://vitest.dev/guide/snapshot.html

exports[`Breadcrumb > renders all breadcrumb items 1`] = `
<nav
  aria-label="Breadcrumb"
  class="ds:text-primary-gray ds:font-poppins ds:text-card-label ds:col-span-3 ds:h-5 ds:print:hidden ds:content-center"
>
  <ol
    class="ds:flex ds:flex-wrap ds:gap-y-2"
  >
    <li
      class="ds:flex ds:items-center"
    >
      <span
        class="ds:hover:underline"
      >
        <a
          href="/"
        >
          Etusivu
        </a>
      </span>
    </li>
    <li
      class="ds:flex ds:items-center"
    >
      <span
        aria-hidden="true"
        class="ds:mx-2 ds:text-secondary-5"
      >
        /
      </span>
      <span
        class="ds:hover:underline"
      >
        <a
          href="/osaamispolkuni"
        >
          Osaamisprofiili
        </a>
      </span>
    </li>
    <li
      class="ds:flex ds:items-center"
    >
      <span
        aria-hidden="true"
        class="ds:mx-2 ds:text-secondary-5"
      >
        /
      </span>
      <span
        aria-current="page"
        class="ds:text-secondary-1-dark"
      >
        Ty√∂paikkani
      </span>
    </li>
  </ol>
</nav>
`;
